******************************************************************************
              TMS320C55x Linker PC v4.3.8                      
******************************************************************************
>> Linked Mon Nov 30 22:27:14 2015

OUTPUT FILE NAME:   <aic3204.out>
ENTRY POINT SYMBOL: "_c_int00"  address: 00026ad6


MEMORY CONFIGURATION

         name            origin    length      used     unused   attr    fill
                        (bytes)   (bytes)    (bytes)   (bytes)
----------------------  --------  ---------  --------  --------  ----  --------
PAGE 0:
  MMR                   00000000   000000c0  00000000  000000c0  RWIX
  DARAM0                000000c0   0000ff40  00005a08  0000a538  RWIX
  SARAM0                00010000   00010000  00000000  00010000  RWIX
  SARAM1                00020000   00020000  00006bfa  00019406  RWIX
  SARAM2                00040000   0000fe00  00000340  0000fac0  RWIX
  VECS                  0004fe00   00000200  00000100  00000100  RWIX
  PDROM                 00ff8000   00008000  00000000  00008000  R IX

PAGE 2:
  IOPORT                00000000   00020000  00000000  00020000  RWI 


SECTION ALLOCATION MAP
(Addresses surrounded by []'s are displayed for convenience only!)

output                                                          attributes/
section   page  orgn(bytes) orgn(words) len(bytes) len(words)   input sections
--------  ----  ----------- ----------- ---------- ----------   --------------
.pinit       0   [ 00040000 ]  00020000          *   00000000   UNINITIALIZED

.stack       0   [ 000000c0 ]  00000060          *   00001000   UNINITIALIZED
                 [ 000000c0 ]  00000060          *   00001000   --HOLE--

.data        0   [ 000000c0 ]  00000060          *   00000000   UNINITIALIZED

.sysstack 
*            0   [ 000020c0 ]  00001060          *   00000800   UNINITIALIZED
                 [ 000020c0 ]  00001060          *   00000800   --HOLE--

.sysmem      0   [ 000030c0 ]  00001860          *   00001000   UNINITIALIZED
                 [ 000030c0 ]  00001860          *   00001000   --HOLE--

.bss         0   [ 000050c0 ]  00002860          *   000002ac   UNINITIALIZED
                 [ 000050c0 ]  00002860          *   00000119   rts55x.lib : defs.obj (.bss)
                 [ 000052f2 ]  00002979          *   000000d0              : trgdrv.obj (.bss)
                 [ 00005492 ]  00002a49          *   00000001   main.obj (.bss)
                 [ 00005494 ]  00002a4a          *   00000071   rts55x.lib : lowlev.obj (.bss)
                 [ 00005576 ]  00002abb          *   0000002a   cslVC5505.lib : csl_i2s.obj (.bss)
                 [ 000055ca ]  00002ae5          *   00000001   rts55x.lib : fopen.obj (.bss)
                 [ 000055cc ]  00002ae6          *   00000012   cslVC5505.lib : csl_i2c.obj (.bss)
                 [ 000055f0 ]  00002af8          *   00000006   rts55x.lib : memory.obj (.bss)
                 [ 000055fc ]  00002afe          *   00000004   ezdsp5535bsl.lib : ezdsp5535_gpio.obj (.bss)
                 [ 00005604 ]  00002b02          *   00000004   rts55x.lib : _lock.obj (.bss)
                 [ 0000560c ]  00002b06          *   00000004              : exit.obj (.bss)
                 [ 00005614 ]  00002b0a          *   00000002   ezdsp5535bsl.lib : ezdsp5535_i2s.obj (.bss)

.const.1     0   [ 00005618 ]  00002b0c          *   00000101   
                 [ 00005618 ]  00002b0c          *   00000101   rts55x.lib : ctype.obj (.const:__ctypes_)

.const.2     0   [ 0000581c ]  00002c0e          *   00000119   
                 [ 0000581c ]  00002c0e          *   00000088   aic3204_test.obj (.const:.string)
                 [ 0000592c ]  00002c96          *   00000061   main.obj (.const:.string)
                 [ 000059ee ]  00002cf7          *   00000030   aic3204_tone_headphone.obj (.const:_$P$T0$1)

.const.3     0   [ 00005a50 ]  00002d28          *   0000003e   
                 [ 00005a50 ]  00002d28          *   00000024   rts55x.lib : _printfi.obj (.const:.string)
                 [ 00005a98 ]  00002d4c          *   0000000c              : _printfi.obj (.const)
                 [ 00005ab0 ]  00002d58          *   00000008              : divd.obj (.const:_initial_approx$1)
                 [ 00005ac0 ]  00002d60          *   00000002              : fputs.obj (.const:.string)
                 [ 00005ac4 ]  00002d62          *   00000002              : divd.obj (.const)
                 [ 00005ac8 ]  00002d64          *   00000002              : fltlid.obj (.const)

.text        0     00020000  [ 00010000 ] 00006bfa          *   
                   00020000  [ 00010000 ] 00001598          *   rts55x.lib : _printfi.obj (.text)
                   00021598  [ 00010acc ] 00000c3c          *   cslVC5505.lib : csl_i2c.obj (.text)
                   000221d4  [ 000110ea ] 000009f3          *                 : csl_i2s.obj (.text)
                   00022bc7  [ 000115e3+] 0000068d          *                 : csl_gpio.obj (.text)
                   00023254  [ 0001192a ] 00000577          *   aic3204_loop_linein.obj (.text)
                   000237cb  [ 00011be5+] 00000543          *   rts55x.lib : lowlev.obj (.text)
                   00023d0e  [ 00011e87 ] 00000528          *              : trgdrv.obj (.text)
                   00024236  [ 0001211b ] 000004b5          *              : memory.obj (.text)
                   000246eb  [ 00012375+] 0000036c          *              : divd.obj (.text)
                   00024a57  [ 0001252b+] 0000027f          *              : fopen.obj (.text)
                   00024cd6  [ 0001266b ] 0000026f          *   aic3204_tone_headphone.obj (.text)
                   00024f45  [ 000127a2+] 0000025e          *   rts55x.lib : llmpy.obj (.text)
                   000251a3  [ 000128d1+] 00000259          *              : addd.obj (.text)
                   000253fc  [ 000129fe ] 000001ea          *              : cmpd.obj (.text)
                   000255e6  [ 00012af3 ] 000001e7          *   ezdsp5535bsl.lib : ezdsp5535_led.obj (.text)
                   000257cd  [ 00012be6+] 00000163          *   rts55x.lib : fputs.obj (.text)
                   00025930  [ 00012c98 ] 0000014c          *              : mpyd.obj (.text)
                   00025a7c  [ 00012d3e ] 00000107          *   ezdsp5535bsl.lib : ezdsp5535_i2s.obj (.text)
                   00025b83  [ 00012dc1+] 000000f1          *   aic3204_test.obj (.text)
                   00025c74  [ 00012e3a ] 000000e6          *   rts55x.lib : setvbuf.obj (.text)
                   00025d5a  [ 00012ead ] 000000dd          *              : _io_perm.obj (.text)
                   00025e37  [ 00012f1b+] 000000c8          *              : frcmpyd_div.obj (.text)
                   00025eff  [ 00012f7f+] 000000c2          *              : fflush.obj (.text)
                   00025fc1  [ 00012fe0+] 000000ba          *              : trgmsg.obj (.text:CIO_breakpoint)
                   0002607b  [ 0001303d+] 000000a6          *              : fputc.obj (.text)
                   00026121  [ 00013090+] 000000a2          *   queue.obj (.text)
                   000261c3  [ 000130e1+] 000000a1          *   rts55x.lib : divul.obj (.text)
                   00026264  [ 00013132 ] 00000090          *   micread.obj (.text)
                   000262f4  [ 0001317a ] 0000008e          *   ezdsp5535bsl.lib : ezdsp5535_i2c.obj (.text)
                   00026382  [ 000131c1 ] 00000087          *                    : ezdsp5535_gpio.obj (.text)
                   00026409  [ 00013204+] 0000007d          *   rts55x.lib : ltoa.obj (.text)
                   00026486  [ 00013243 ] 0000007b          *              : fclose.obj (.text)
                   00026501  [ 00013280+] 00000076          *              : frcmpyd.obj (.text)
                   00026577  [ 000132bb+] 00000072          *              : remul.obj (.text)
                   000265e9  [ 000132f4+] 0000006f          *              : fixdli.obj (.text)
                   00026658  [ 0001332c ] 0000006d          *              : trgmsg.obj (.text)
                   000266c5  [ 00013362+] 0000006b          *              : fseek.obj (.text)
                   00026730  [ 00013398 ] 00000067          *              : fltlid.obj (.text)
                   00026797  [ 000133cb+] 0000005c          *              : atoi.obj (.text)
                   000267f3  [ 000133f9+] 00000055          *   main.obj (.text)
                   00026848  [ 00013424 ] 00000054          *   ezdsp5535bsl.lib : ezdsp5535.obj (.text)
                   0002689c  [ 0001344e ] 00000050          *   rts55x.lib : printf.obj (.text)
                   000268ec  [ 00013476 ] 0000004d          *              : autoinit.obj (.text)
                   00026939  [ 0001349c+] 0000004b          *              : args_main.obj (.text)
                   00026984  [ 000134c2 ] 0000004b          *              : remli.obj (.text)
                   000269cf  [ 000134e7+] 00000048          *              : divli.obj (.text)
                   00026a17  [ 0001350b+] 00000042          *   conv.obj (.text)
                   00026a59  [ 0001352c+] 0000003f          *   rts55x.lib : memcpy.obj (.text)
                   00026a98  [ 0001354c ] 0000003e          *              : exit.obj (.text)
                   00026ad6  [ 0001356b ] 00000034          *              : boot.obj (.text)
                   00026b0a  [ 00013585 ] 0000002a          *              : fixdi.obj (.text)
                   00026b34  [ 0001359a ] 0000002a          *              : udiv.obj (.text)
                   00026b5e  [ 000135af ] 00000023          *              : memccpy.obj (.text)
                   00026b81  [ 000135c0+] 0000001c          *              : isinf.obj (.text)
                   00026b9d  [ 000135ce+] 00000014          *              : subd.obj (.text)
                   00026bb1  [ 000135d8+] 00000013          *              : lmpy.obj (.text)
                   00026bc4  [ 000135e2 ] 00000012          *              : _lock.obj (.text)
                   00026bd6  [ 000135eb ] 00000010          *              : negd.obj (.text)
                   00026be6  [ 000135f3 ] 0000000a          *              : remove.obj (.text)
                   00026bf0  [ 000135f8 ] 00000007          *              : exit.obj (.text:CIO_breakpoint)
                   00026bf7  [ 000135fb+] 00000002          *              : vectors.obj (.text)
                   00026bf9  [ 000135fc ] 00000001          *   --HOLE-- [fill = 20]

.cio         0   [ 00040000 ]  00020000          *   00000120   UNINITIALIZED
                 [ 00040000 ]  00020000          *   00000120   rts55x.lib : trgmsg.obj (.cio)

.cinit       0   [ 00040240 ]  00020120          *   00000080   
                 [ 00040240 ]  00020120          *   0000002d   rts55x.lib : lowlev.obj (.cinit)
                 [ 0004029a ]  0002014d          *   0000002a              : defs.obj (.cinit)
                 [ 000402ee ]  00020177          *   0000000a              : _lock.obj (.cinit)
                 [ 00040302 ]  00020181          *   0000000a              : exit.obj (.cinit)
                 [ 00040316 ]  0002018b          *   00000008   cslVC5505.lib : csl_i2s.obj (.cinit)
                 [ 00040326 ]  00020193          *   00000004   main.obj (.cinit)
                 [ 0004032e ]  00020197          *   00000004   rts55x.lib : fopen.obj (.cinit)
                 [ 00040336 ]  0002019b          *   00000004              : memory.obj (.cinit)
                 [ 0004033e ]  0002019f          *   00000001   --HOLE-- [fill = 0]

vectors      0     0004fe00  [ 00027f00 ] 00000100          *   
                   0004fe00  [ 00027f00 ] 00000100          *   rts55x.lib : vectors.obj (vectors)


GLOBAL SYMBOLS: SORTED ALPHABETICALLY BY Name 

abs. value/
byte addr   word addr   name
---------   ---------   ----
00000002                $TI_capability$C5500$CallingConvention
00000002                $TI_capability$C5500$MemoryModel
00000001                $TI_capability_requires_rev3
ffffffff                .bss
ffffffff                .data
ffffffff                .text
00026bf1                C$$EXIT
00026076                C$$IO$$
00026bb1                I$$LMPY
00026b34                I$$UDIV
00026b49                I$$UMOD
00025b83                _AIC3204_rget
00025bce                _AIC3204_rset
000263eb                _EZDSP5535_GPIO_getInput
00026382                _EZDSP5535_GPIO_init
000263ad                _EZDSP5535_GPIO_setDirection
000263d1                _EZDSP5535_GPIO_setOutput
000262f4                _EZDSP5535_I2C_init
0002635a                _EZDSP5535_I2C_read
00026329                _EZDSP5535_I2C_reset
00026334                _EZDSP5535_I2C_write
00025b71                _EZDSP5535_I2S_close
00025a7c                _EZDSP5535_I2S_init
00025ad5                _EZDSP5535_I2S_readLeft
00025b34                _EZDSP5535_I2S_readRight
00025b07                _EZDSP5535_I2S_writeLeft
00025b55                _EZDSP5535_I2S_writeRight
0002561c                _EZDSP5535_LED_getall
000255e6                _EZDSP5535_LED_init
00025711                _EZDSP5535_LED_off
000256dc                _EZDSP5535_LED_on
0002566e                _EZDSP5535_LED_setall
00025744                _EZDSP5535_LED_toggle
0002579f                _EZDSP5535_XF_get
00025794                _EZDSP5535_XF_off
00025789                _EZDSP5535_XF_on
000257ae                _EZDSP5535_XF_toggle
0002688e                _EZDSP5535_init
00026848                _EZDSP5535_wait
0002687c                _EZDSP5535_waitusec
000230b2                _GPIO_clearInt
00022c0b                _GPIO_close
00022c2f                _GPIO_config
00022e62                _GPIO_configBit
00022faa                _GPIO_disableInt
00023028                _GPIO_enableInt
00022cb4                _GPIO_getConfig
00022bc7                _GPIO_open
00022d3c                _GPIO_read
000231c5                _GPIO_reset
0002313e                _GPIO_statusBit
00022dbf                _GPIO_write
            00002afe    _GpioObj
000241d8                _HOSTclock
0002416d                _HOSTclose
000240b8                _HOSTlseek
00024019                _HOSTopen
00023f8c                _HOSTread
00023ede                _HOSTrename
00023e80                _HOSTtime
00023e16                _HOSTunlink
00023d89                _HOSTwrite
00021641                _I2C_config
0002200c                _I2C_eventDisable
00021ed8                _I2C_eventEnable
000217a6                _I2C_getConfig
000221b8                _I2C_getEventId
00021598                _I2C_init
00021cba                _I2C_read
0002212b                _I2C_setCallback
0002187c                _I2C_setup
00021a76                _I2C_write
00022609                _I2S_close
000221d4                _I2S_open
000226bb                _I2S_read
00022acb                _I2S_reset
0002231b                _I2S_setup
00022b7c                _I2S_transEnable
00022975                _I2S_write
0004fe00                _Reset
000267f3                _StopTest
            00002a49    _TestFail
            00020000    __CIOBUF_
            00001060    __STACK_END
00002000                __STACK_SIZE
00002000                __SYSMEM_SIZE
00001000                __SYSSTACK_SIZE
ffffffff                ___binit__
ffffffff                ___bss__
ffffffff                ___c_args__
            00020120    ___cinit__
ffffffff                ___data__
ffffffff                ___edata__
ffffffff                ___end__
ffffffff                ___etext__
00026b81                ___isinf
ffffffff                ___pinit__
ffffffff                ___text__
000251a3                __addd
00026939                __args_main
00024b78                __cleanup
            00002b06    __cleanup_ptr
0002558e                __cmpd
            00002b0c    __ctypes_
0002470d                __divd
000269cf                __divli
0002516e                __divlli
00026b34                __divu
000261c3                __divul
0002507a                __divull
00025eff                __doflush
            00002b08    __dtors_ptr
0002555a                __eqld
00026b0a                __fixdi
000265e9                __fixdli
00026730                __fltlid
00026501                __frcmpyd
00025e37                __frcmpyd_div
            00002978    __ft_end
            00002860    __ftable
00025510                __geqd
000254c5                __gtrd
00025478                __leqd
            00002b02    __lock
00025430                __lssd
00025930                __mpyd
00026bb1                __mpyli
00024fc2                __mpylli
00026bd6                __negd
000253fc                __neqd
00026bd4                __nop
00021356                __printfi
00025dda                __rd_ok
00026bcc                __register_lock
00026bc4                __register_unlock
00026984                __remli
00024f93                __remlli
00026b49                __remu
00026577                __remul
00024f45                __remull
            00000060    __stack
00026b9d                __subd
            00001860    __sys_memory
            00001060    __sysstack
            000028d8    __tmpnams
            00002b04    __unlock
00025d5a                __wrt_ok
00026bf0                _abort
00023c1e                _add_device
00023254                _aic3204_loop_linein
00025bf8                _aic3204_test
00024cd6                _aic3204_tone_headphone
00026797                _atoi
000268ec                _auto_init
00026ad6                _c_int00
000246c5                _calloc
000246bd                _chkheap
000236b5                _cleanUp
00023bab                _close
000234c5                _configureDSP
00026a17                _convq
00026151                _dequeue
00026121                _enqueue
00026a98                _exit
00026486                _fclose
00025f68                _fflush
00023ba2                _find_registered_device
00024c9b                _fopen
0002607b                _fputc
000257cd                _fputs
00024236                _free
00024667                _free_memory
00024bd2                _freopen
            00002ae3    _fsError
000266c5                _fseek
            00002ae6    _gI2cObj
00023d0e                _getenv
            00002b00    _hGpio
            00002b0a    _hI2s
000236c7                _harris_loop_linein
00025c3a                _harris_test
            00002af6    _i2cHandle
00026264                _in2l_read
00026294                _in2r_read
000262c4                _in3r_read
00026199                _isEmpty
000261ad                _isFull
00023b3c                _lseek
00026409                _ltoa
000267f5                _main
00026173                _makeNewQueue
00024367                _malloc
0002460d                _max_free
00026b5e                _memccpy
00026a59                _memcpy
00024302                _minit
00023a7d                _open
            00002ae4    _ouError
0002689c                _printf
0002607b                _putc
00026112                _putchar
00025902                _puts
000239cf                _read
00026658                _readmsg
0002445c                _realloc
00026be6                _remove
00023999                _remove_device
00023940                _rename
00025c74                _setvbuf
0002390d                _unlink
000237cb                _write
00025fc1                _writemsg
ffffffff                binit
            00020120    cinit
ffffffff                edata
ffffffff                end
ffffffff                etext
ffffffff                pinit


GLOBAL SYMBOLS: SORTED BY Symbol Address 

abs. value/
byte addr   word addr   name
---------   ---------   ----
00000001                $TI_capability_requires_rev3
00000002                $TI_capability$C5500$CallingConvention
00000002                $TI_capability$C5500$MemoryModel
            00000060    __stack
00001000                __SYSSTACK_SIZE
00002000                __STACK_SIZE
00002000                __SYSMEM_SIZE
            00001060    __STACK_END
            00001060    __sysstack
            00001860    __sys_memory
            00002860    __ftable
            000028d8    __tmpnams
            00002978    __ft_end
            00002a49    _TestFail
            00002ae3    _fsError
            00002ae4    _ouError
            00002ae6    _gI2cObj
            00002af6    _i2cHandle
            00002afe    _GpioObj
            00002b00    _hGpio
            00002b02    __lock
            00002b04    __unlock
            00002b06    __cleanup_ptr
            00002b08    __dtors_ptr
            00002b0a    _hI2s
            00002b0c    __ctypes_
00021356                __printfi
00021598                _I2C_init
00021641                _I2C_config
000217a6                _I2C_getConfig
0002187c                _I2C_setup
00021a76                _I2C_write
00021cba                _I2C_read
00021ed8                _I2C_eventEnable
0002200c                _I2C_eventDisable
0002212b                _I2C_setCallback
000221b8                _I2C_getEventId
000221d4                _I2S_open
0002231b                _I2S_setup
00022609                _I2S_close
000226bb                _I2S_read
00022975                _I2S_write
00022acb                _I2S_reset
00022b7c                _I2S_transEnable
00022bc7                _GPIO_open
00022c0b                _GPIO_close
00022c2f                _GPIO_config
00022cb4                _GPIO_getConfig
00022d3c                _GPIO_read
00022dbf                _GPIO_write
00022e62                _GPIO_configBit
00022faa                _GPIO_disableInt
00023028                _GPIO_enableInt
000230b2                _GPIO_clearInt
0002313e                _GPIO_statusBit
000231c5                _GPIO_reset
00023254                _aic3204_loop_linein
000234c5                _configureDSP
000236b5                _cleanUp
000236c7                _harris_loop_linein
000237cb                _write
0002390d                _unlink
00023940                _rename
00023999                _remove_device
000239cf                _read
00023a7d                _open
00023b3c                _lseek
00023ba2                _find_registered_device
00023bab                _close
00023c1e                _add_device
00023d0e                _getenv
00023d89                _HOSTwrite
00023e16                _HOSTunlink
00023e80                _HOSTtime
00023ede                _HOSTrename
00023f8c                _HOSTread
00024019                _HOSTopen
000240b8                _HOSTlseek
0002416d                _HOSTclose
000241d8                _HOSTclock
00024236                _free
00024302                _minit
00024367                _malloc
0002445c                _realloc
0002460d                _max_free
00024667                _free_memory
000246bd                _chkheap
000246c5                _calloc
0002470d                __divd
00024b78                __cleanup
00024bd2                _freopen
00024c9b                _fopen
00024cd6                _aic3204_tone_headphone
00024f45                __remull
00024f93                __remlli
00024fc2                __mpylli
0002507a                __divull
0002516e                __divlli
000251a3                __addd
000253fc                __neqd
00025430                __lssd
00025478                __leqd
000254c5                __gtrd
00025510                __geqd
0002555a                __eqld
0002558e                __cmpd
000255e6                _EZDSP5535_LED_init
0002561c                _EZDSP5535_LED_getall
0002566e                _EZDSP5535_LED_setall
000256dc                _EZDSP5535_LED_on
00025711                _EZDSP5535_LED_off
00025744                _EZDSP5535_LED_toggle
00025789                _EZDSP5535_XF_on
00025794                _EZDSP5535_XF_off
0002579f                _EZDSP5535_XF_get
000257ae                _EZDSP5535_XF_toggle
000257cd                _fputs
00025902                _puts
00025930                __mpyd
00025a7c                _EZDSP5535_I2S_init
00025ad5                _EZDSP5535_I2S_readLeft
00025b07                _EZDSP5535_I2S_writeLeft
00025b34                _EZDSP5535_I2S_readRight
00025b55                _EZDSP5535_I2S_writeRight
00025b71                _EZDSP5535_I2S_close
00025b83                _AIC3204_rget
00025bce                _AIC3204_rset
00025bf8                _aic3204_test
00025c3a                _harris_test
00025c74                _setvbuf
00025d5a                __wrt_ok
00025dda                __rd_ok
00025e37                __frcmpyd_div
00025eff                __doflush
00025f68                _fflush
00025fc1                _writemsg
00026076                C$$IO$$
0002607b                _fputc
0002607b                _putc
00026112                _putchar
00026121                _enqueue
00026151                _dequeue
00026173                _makeNewQueue
00026199                _isEmpty
000261ad                _isFull
000261c3                __divul
00026264                _in2l_read
00026294                _in2r_read
000262c4                _in3r_read
000262f4                _EZDSP5535_I2C_init
00026329                _EZDSP5535_I2C_reset
00026334                _EZDSP5535_I2C_write
0002635a                _EZDSP5535_I2C_read
00026382                _EZDSP5535_GPIO_init
000263ad                _EZDSP5535_GPIO_setDirection
000263d1                _EZDSP5535_GPIO_setOutput
000263eb                _EZDSP5535_GPIO_getInput
00026409                _ltoa
00026486                _fclose
00026501                __frcmpyd
00026577                __remul
000265e9                __fixdli
00026658                _readmsg
000266c5                _fseek
00026730                __fltlid
00026797                _atoi
000267f3                _StopTest
000267f5                _main
00026848                _EZDSP5535_wait
0002687c                _EZDSP5535_waitusec
0002688e                _EZDSP5535_init
0002689c                _printf
000268ec                _auto_init
00026939                __args_main
00026984                __remli
000269cf                __divli
00026a17                _convq
00026a59                _memcpy
00026a98                _exit
00026ad6                _c_int00
00026b0a                __fixdi
00026b34                I$$UDIV
00026b34                __divu
00026b49                I$$UMOD
00026b49                __remu
00026b5e                _memccpy
00026b81                ___isinf
00026b9d                __subd
00026bb1                I$$LMPY
00026bb1                __mpyli
00026bc4                __register_unlock
00026bcc                __register_lock
00026bd4                __nop
00026bd6                __negd
00026be6                _remove
00026bf0                _abort
00026bf1                C$$EXIT
            00020000    __CIOBUF_
            00020120    ___cinit__
            00020120    cinit
0004fe00                _Reset
ffffffff                .bss
ffffffff                .data
ffffffff                .text
ffffffff                ___binit__
ffffffff                ___bss__
ffffffff                ___c_args__
ffffffff                ___data__
ffffffff                ___edata__
ffffffff                ___end__
ffffffff                ___etext__
ffffffff                ___pinit__
ffffffff                ___text__
ffffffff                binit
ffffffff                edata
ffffffff                end
ffffffff                etext
ffffffff                pinit

[218 symbols]
