******************************************************************************
              TMS320C55x Linker PC v4.3.8                      
******************************************************************************
>> Linked Tue Nov 17 12:02:56 2015

OUTPUT FILE NAME:   <aic3204.out>
ENTRY POINT SYMBOL: "_c_int00"  address: 00026be3


MEMORY CONFIGURATION

         name            origin    length      used     unused   attr    fill
                        (bytes)   (bytes)    (bytes)   (bytes)
----------------------  --------  ---------  --------  --------  ----  --------
PAGE 0:
  MMR                   00000000   000000c0  00000000  000000c0  RWIX
  DARAM0                000000c0   0000ff40  00005e5e  0000a0e2  RWIX
  SARAM0                00010000   00010000  00000000  00010000  RWIX
  SARAM1                00020000   00020000  00006d13  000192ed  RWIX
  SARAM2                00040000   0000fe00  00000340  0000fac0  RWIX
  VECS                  0004fe00   00000200  00000100  00000100  RWIX
  PDROM                 00ff8000   00008000  00000000  00008000  R IX

PAGE 2:
  IOPORT                00000000   00020000  00000000  00020000  RWI 


SECTION ALLOCATION MAP
(Addresses surrounded by []'s are displayed for convenience only!)

output                                                          attributes/
section   page  orgn(bytes) orgn(words) len(bytes) len(words)   input sections
--------  ----  ----------- ----------- ---------- ----------   --------------
.pinit       0   [ 00040000 ]  00020000          *   00000000   UNINITIALIZED

.stack       0   [ 000000c0 ]  00000060          *   00001000   UNINITIALIZED
                 [ 000000c0 ]  00000060          *   00001000   --HOLE--

.data        0   [ 000000c0 ]  00000060          *   00000000   UNINITIALIZED

.sysstack 
*            0   [ 000020c0 ]  00001060          *   00000800   UNINITIALIZED
                 [ 000020c0 ]  00001060          *   00000800   --HOLE--

.sysmem      0   [ 000030c0 ]  00001860          *   00001000   UNINITIALIZED
                 [ 000030c0 ]  00001860          *   00001000   --HOLE--

.const.1     0   [ 000050c0 ]  00002860          *   000002f5   
                 [ 000050c0 ]  00002860          *   000001f4   aic3204_loop_linein.obj (.const:_$P$T0$1)
                 [ 000054a8 ]  00002a54          *   00000101   rts55x.lib : ctype.obj (.const:__ctypes_)

.const.2     0   [ 000056ac ]  00002b56          *   000000e9   
                 [ 000056ac ]  00002b56          *   00000088   aic3204_test.obj (.const:.string)
                 [ 000057bc ]  00002bde          *   00000061   main.obj (.const:.string)

.const.3     0   [ 00005880 ]  00002c40          *   00000065   
                 [ 00005880 ]  00002c40          *   00000035   queue.obj (.const:.string)
                 [ 000058ea ]  00002c75          *   00000030   aic3204_tone_headphone.obj (.const:_$P$T0$1)

.const.4     0   [ 0000594c ]  00002ca6          *   00000040   
                 [ 0000594c ]  00002ca6          *   00000024   rts55x.lib : _printfi.obj (.const:.string)
                 [ 00005994 ]  00002cca          *   0000000c              : _printfi.obj (.const)
                 [ 000059ac ]  00002cd6          *   00000008              : divd.obj (.const:_initial_approx$1)
                 [ 000059bc ]  00002cde          *   00000002              : fputs.obj (.const:.string)
                 [ 000059c0 ]  00002ce0          *   00000002   conv.obj (.const)
                 [ 000059c4 ]  00002ce2          *   00000002   rts55x.lib : divd.obj (.const)
                 [ 000059c8 ]  00002ce4          *   00000002              : fltlid.obj (.const)

.bss         0   [ 000059cc ]  00002ce6          *   000002ac   UNINITIALIZED
                 [ 000059cc ]  00002ce6          *   00000119   rts55x.lib : defs.obj (.bss)
                 [ 00005bfe ]  00002dff          *   000000d0              : trgdrv.obj (.bss)
                 [ 00005d9e ]  00002ecf          *   00000001   main.obj (.bss)
                 [ 00005da0 ]  00002ed0          *   00000071   rts55x.lib : lowlev.obj (.bss)
                 [ 00005e82 ]  00002f41          *   0000002a   cslVC5505.lib : csl_i2s.obj (.bss)
                 [ 00005ed6 ]  00002f6b          *   00000001   rts55x.lib : fopen.obj (.bss)
                 [ 00005ed8 ]  00002f6c          *   00000012   cslVC5505.lib : csl_i2c.obj (.bss)
                 [ 00005efc ]  00002f7e          *   00000006   rts55x.lib : memory.obj (.bss)
                 [ 00005f08 ]  00002f84          *   00000004   ezdsp5535bsl.lib : ezdsp5535_gpio.obj (.bss)
                 [ 00005f10 ]  00002f88          *   00000004   rts55x.lib : _lock.obj (.bss)
                 [ 00005f18 ]  00002f8c          *   00000004              : exit.obj (.bss)
                 [ 00005f20 ]  00002f90          *   00000002   ezdsp5535bsl.lib : ezdsp5535_i2s.obj (.bss)

.text        0     00020000  [ 00010000 ] 00006d13          *   
                   00020000  [ 00010000 ] 00001598          *   rts55x.lib : _printfi.obj (.text)
                   00021598  [ 00010acc ] 00000c3c          *   cslVC5505.lib : csl_i2c.obj (.text)
                   000221d4  [ 000110ea ] 000009f3          *                 : csl_i2s.obj (.text)
                   00022bc7  [ 000115e3+] 0000068d          *                 : csl_gpio.obj (.text)
                   00023254  [ 0001192a ] 0000059f          *   aic3204_loop_linein.obj (.text)
                   000237f3  [ 00011bf9+] 00000543          *   rts55x.lib : lowlev.obj (.text)
                   00023d36  [ 00011e9b ] 00000528          *              : trgdrv.obj (.text)
                   0002425e  [ 0001212f ] 000004b5          *              : memory.obj (.text)
                   00024713  [ 00012389+] 0000036c          *              : divd.obj (.text)
                   00024a7f  [ 0001253f+] 0000027f          *              : fopen.obj (.text)
                   00024cfe  [ 0001267f ] 0000026f          *   aic3204_tone_headphone.obj (.text)
                   00024f6d  [ 000127b6+] 0000025e          *   rts55x.lib : llmpy.obj (.text)
                   000251cb  [ 000128e5+] 00000259          *              : addd.obj (.text)
                   00025424  [ 00012a12 ] 000001ea          *              : cmpd.obj (.text)
                   0002560e  [ 00012b07 ] 000001e7          *   ezdsp5535bsl.lib : ezdsp5535_led.obj (.text)
                   000257f5  [ 00012bfa+] 00000163          *   rts55x.lib : fputs.obj (.text)
                   00025958  [ 00012cac ] 0000014c          *              : mpyd.obj (.text)
                   00025aa4  [ 00012d52 ] 00000107          *   ezdsp5535bsl.lib : ezdsp5535_i2s.obj (.text)
                   00025bab  [ 00012dd5+] 000000fa          *   conv.obj (.text)
                   00025ca5  [ 00012e52+] 000000f1          *   aic3204_test.obj (.text)
                   00025d96  [ 00012ecb ] 000000e6          *   rts55x.lib : setvbuf.obj (.text)
                   00025e7c  [ 00012f3e ] 000000dd          *              : _io_perm.obj (.text)
                   00025f59  [ 00012fac+] 000000cf          *   queue.obj (.text)
                   00026028  [ 00013014 ] 000000c8          *   rts55x.lib : frcmpyd_div.obj (.text)
                   000260f0  [ 00013078 ] 000000c2          *              : fflush.obj (.text)
                   000261b2  [ 000130d9 ] 000000ba          *              : trgmsg.obj (.text:CIO_breakpoint)
                   0002626c  [ 00013136 ] 000000a6          *              : fputc.obj (.text)
                   00026312  [ 00013189 ] 000000a1          *              : divul.obj (.text)
                   000263b3  [ 000131d9+] 00000090          *   micread.obj (.text)
                   00026443  [ 00013221+] 0000008e          *   ezdsp5535bsl.lib : ezdsp5535_i2c.obj (.text)
                   000264d1  [ 00013268+] 00000087          *                    : ezdsp5535_gpio.obj (.text)
                   00026558  [ 000132ac ] 0000007d          *   rts55x.lib : ltoa.obj (.text)
                   000265d5  [ 000132ea+] 0000007b          *              : fclose.obj (.text)
                   00026650  [ 00013328 ] 00000076          *              : frcmpyd.obj (.text)
                   000266c6  [ 00013363 ] 00000072          *              : remul.obj (.text)
                   00026738  [ 0001339c ] 0000006f          *              : fixdli.obj (.text)
                   000267a7  [ 000133d3+] 0000006d          *              : trgmsg.obj (.text)
                   00026814  [ 0001340a ] 0000006b          *              : fseek.obj (.text)
                   0002687f  [ 0001343f+] 00000067          *              : fltlid.obj (.text)
                   000268e6  [ 00013473 ] 0000005c          *              : atoi.obj (.text)
                   00026942  [ 000134a1 ] 00000055          *   main.obj (.text)
                   00026997  [ 000134cb+] 00000054          *   ezdsp5535bsl.lib : ezdsp5535.obj (.text)
                   000269eb  [ 000134f5+] 00000050          *   rts55x.lib : printf.obj (.text)
                   00026a3b  [ 0001351d+] 0000004d          *              : autoinit.obj (.text)
                   00026a88  [ 00013544 ] 0000004b          *              : args_main.obj (.text)
                   00026ad3  [ 00013569+] 0000004b          *              : remli.obj (.text)
                   00026b1e  [ 0001358f ] 00000048          *              : divli.obj (.text)
                   00026b66  [ 000135b3 ] 0000003f          *              : memcpy.obj (.text)
                   00026ba5  [ 000135d2+] 0000003e          *              : exit.obj (.text)
                   00026be3  [ 000135f1+] 00000034          *              : boot.obj (.text)
                   00026c17  [ 0001360b+] 0000002a          *              : fixdi.obj (.text)
                   00026c41  [ 00013620+] 0000002a          *              : udiv.obj (.text)
                   00026c6b  [ 00013635+] 00000023          *              : memccpy.obj (.text)
                   00026c8e  [ 00013647 ] 0000001c          *              : isinf.obj (.text)
                   00026caa  [ 00013655 ] 00000014          *              : subd.obj (.text)
                   00026cbe  [ 0001365f ] 00000013          *              : lmpy.obj (.text)
                   00026cd1  [ 00013668+] 00000012          *              : _lock.obj (.text)
                   00026ce3  [ 00013671+] 00000010          *              : negd.obj (.text)
                   00026cf3  [ 00013679+] 0000000c          *              : fltid.obj (.text)
                   00026cff  [ 0001367f+] 0000000a          *              : remove.obj (.text)
                   00026d09  [ 00013684+] 00000007          *              : exit.obj (.text:CIO_breakpoint)
                   00026d10  [ 00013688 ] 00000002          *              : vectors.obj (.text)
                   00026d12  [ 00013689 ] 00000001          *   --HOLE-- [fill = 20]

.cio         0   [ 00040000 ]  00020000          *   00000120   UNINITIALIZED
                 [ 00040000 ]  00020000          *   00000120   rts55x.lib : trgmsg.obj (.cio)

.cinit       0   [ 00040240 ]  00020120          *   00000080   
                 [ 00040240 ]  00020120          *   0000002d   rts55x.lib : lowlev.obj (.cinit)
                 [ 0004029a ]  0002014d          *   0000002a              : defs.obj (.cinit)
                 [ 000402ee ]  00020177          *   0000000a              : _lock.obj (.cinit)
                 [ 00040302 ]  00020181          *   0000000a              : exit.obj (.cinit)
                 [ 00040316 ]  0002018b          *   00000008   cslVC5505.lib : csl_i2s.obj (.cinit)
                 [ 00040326 ]  00020193          *   00000004   main.obj (.cinit)
                 [ 0004032e ]  00020197          *   00000004   rts55x.lib : fopen.obj (.cinit)
                 [ 00040336 ]  0002019b          *   00000004              : memory.obj (.cinit)
                 [ 0004033e ]  0002019f          *   00000001   --HOLE-- [fill = 0]

vectors      0     0004fe00  [ 00027f00 ] 00000100          *   
                   0004fe00  [ 00027f00 ] 00000100          *   rts55x.lib : vectors.obj (vectors)


GLOBAL SYMBOLS: SORTED ALPHABETICALLY BY Name 

abs. value/
byte addr   word addr   name
---------   ---------   ----
00000002                $TI_capability$C5500$CallingConvention
00000002                $TI_capability$C5500$MemoryModel
00000001                $TI_capability_requires_rev3
ffffffff                .bss
ffffffff                .data
ffffffff                .text
00026d0a                C$$EXIT
00026267                C$$IO$$
00026cbe                I$$LMPY
00026c41                I$$UDIV
00026c56                I$$UMOD
00025ca5                _AIC3204_rget
00025cf0                _AIC3204_rset
0002653a                _EZDSP5535_GPIO_getInput
000264d1                _EZDSP5535_GPIO_init
000264fc                _EZDSP5535_GPIO_setDirection
00026520                _EZDSP5535_GPIO_setOutput
00026443                _EZDSP5535_I2C_init
000264a9                _EZDSP5535_I2C_read
00026478                _EZDSP5535_I2C_reset
00026483                _EZDSP5535_I2C_write
00025b99                _EZDSP5535_I2S_close
00025aa4                _EZDSP5535_I2S_init
00025afd                _EZDSP5535_I2S_readLeft
00025b5c                _EZDSP5535_I2S_readRight
00025b2f                _EZDSP5535_I2S_writeLeft
00025b7d                _EZDSP5535_I2S_writeRight
00025644                _EZDSP5535_LED_getall
0002560e                _EZDSP5535_LED_init
00025739                _EZDSP5535_LED_off
00025704                _EZDSP5535_LED_on
00025696                _EZDSP5535_LED_setall
0002576c                _EZDSP5535_LED_toggle
000257c7                _EZDSP5535_XF_get
000257bc                _EZDSP5535_XF_off
000257b1                _EZDSP5535_XF_on
000257d6                _EZDSP5535_XF_toggle
000269dd                _EZDSP5535_init
00026997                _EZDSP5535_wait
000269cb                _EZDSP5535_waitusec
000230b2                _GPIO_clearInt
00022c0b                _GPIO_close
00022c2f                _GPIO_config
00022e62                _GPIO_configBit
00022faa                _GPIO_disableInt
00023028                _GPIO_enableInt
00022cb4                _GPIO_getConfig
00022bc7                _GPIO_open
00022d3c                _GPIO_read
000231c5                _GPIO_reset
0002313e                _GPIO_statusBit
00022dbf                _GPIO_write
            00002f84    _GpioObj
00024200                _HOSTclock
00024195                _HOSTclose
000240e0                _HOSTlseek
00024041                _HOSTopen
00023fb4                _HOSTread
00023f06                _HOSTrename
00023ea8                _HOSTtime
00023e3e                _HOSTunlink
00023db1                _HOSTwrite
00021641                _I2C_config
0002200c                _I2C_eventDisable
00021ed8                _I2C_eventEnable
000217a6                _I2C_getConfig
000221b8                _I2C_getEventId
00021598                _I2C_init
00021cba                _I2C_read
0002212b                _I2C_setCallback
0002187c                _I2C_setup
00021a76                _I2C_write
00022609                _I2S_close
000221d4                _I2S_open
000226bb                _I2S_read
00022acb                _I2S_reset
0002231b                _I2S_setup
00022b7c                _I2S_transEnable
00022975                _I2S_write
0004fe00                _Reset
00026942                _StopTest
            00002ecf    _TestFail
            00020000    __CIOBUF_
            00001060    __STACK_END
00002000                __STACK_SIZE
00002000                __SYSMEM_SIZE
00001000                __SYSSTACK_SIZE
ffffffff                ___binit__
ffffffff                ___bss__
ffffffff                ___c_args__
            00020120    ___cinit__
ffffffff                ___data__
ffffffff                ___edata__
ffffffff                ___end__
ffffffff                ___etext__
00026c8e                ___isinf
ffffffff                ___pinit__
ffffffff                ___text__
000251cb                __addd
00026a88                __args_main
00024ba0                __cleanup
            00002f8c    __cleanup_ptr
000255b6                __cmpd
            00002a54    __ctypes_
00024735                __divd
00026b1e                __divli
00025196                __divlli
00026c41                __divu
00026312                __divul
000250a2                __divull
000260f0                __doflush
            00002f8e    __dtors_ptr
00025582                __eqld
00026c17                __fixdi
00026738                __fixdli
00026cf3                __fltid
0002687f                __fltlid
00026650                __frcmpyd
00026028                __frcmpyd_div
            00002dfe    __ft_end
            00002ce6    __ftable
00025538                __geqd
000254ed                __gtrd
000254a0                __leqd
            00002f88    __lock
00025458                __lssd
00025958                __mpyd
00026cbe                __mpyli
00024fea                __mpylli
00026ce3                __negd
00025424                __neqd
00026ce1                __nop
00021356                __printfi
00025efc                __rd_ok
00026cd9                __register_lock
00026cd1                __register_unlock
00026ad3                __remli
00024fbb                __remlli
00026c56                __remu
000266c6                __remul
00024f6d                __remull
            00000060    __stack
00026caa                __subd
            00001860    __sys_memory
            00001060    __sysstack
            00002d5e    __tmpnams
            00002f8a    __unlock
00025e7c                __wrt_ok
00026d09                _abort
00023c46                _add_device
00023254                _aic3204_loop_linein
00025d1a                _aic3204_test
00024cfe                _aic3204_tone_headphone
000268e6                _atoi
00026a3b                _auto_init
00026be3                _c_int00
000246ed                _calloc
000246e5                _chkheap
00023bd3                _close
00025c41                _conv
00025bab                _convq
00025fa2                _dequeue
00025f59                _enqueue
00026ba5                _exit
000265d5                _fclose
00026159                _fflush
00023bca                _find_registered_device
00024cc3                _fopen
0002626c                _fputc
000257f5                _fputs
0002425e                _free
0002468f                _free_memory
00024bfa                _freopen
            00002f69    _fsError
00026814                _fseek
            00002f6c    _gI2cObj
00023d36                _getenv
            00002f86    _hGpio
            00002f90    _hI2s
000234c5                _harris_loop_linein
00025d5c                _harris_test
            00002f7c    _i2cHandle
000263b3                _in2l_read
000263e3                _in2r_read
00026413                _in3r_read
00025ffe                _isEmpty
00026012                _isFull
00023b64                _lseek
00026558                _ltoa
00026944                _main
00025fd8                _makeNewQueue
0002438f                _malloc
00024635                _max_free
00026c6b                _memccpy
00026b66                _memcpy
0002432a                _minit
00023aa5                _open
            00002f6a    _ouError
000269eb                _printf
0002626c                _putc
00026303                _putchar
0002592a                _puts
000239f7                _read
000267a7                _readmsg
00024484                _realloc
00026cff                _remove
000239c1                _remove_device
00023968                _rename
00025d96                _setvbuf
00023935                _unlink
000237f3                _write
000261b2                _writemsg
ffffffff                binit
            00020120    cinit
ffffffff                edata
ffffffff                end
ffffffff                etext
ffffffff                pinit


GLOBAL SYMBOLS: SORTED BY Symbol Address 

abs. value/
byte addr   word addr   name
---------   ---------   ----
00000001                $TI_capability_requires_rev3
00000002                $TI_capability$C5500$CallingConvention
00000002                $TI_capability$C5500$MemoryModel
            00000060    __stack
00001000                __SYSSTACK_SIZE
00002000                __STACK_SIZE
00002000                __SYSMEM_SIZE
            00001060    __STACK_END
            00001060    __sysstack
            00001860    __sys_memory
            00002a54    __ctypes_
            00002ce6    __ftable
            00002d5e    __tmpnams
            00002dfe    __ft_end
            00002ecf    _TestFail
            00002f69    _fsError
            00002f6a    _ouError
            00002f6c    _gI2cObj
            00002f7c    _i2cHandle
            00002f84    _GpioObj
            00002f86    _hGpio
            00002f88    __lock
            00002f8a    __unlock
            00002f8c    __cleanup_ptr
            00002f8e    __dtors_ptr
            00002f90    _hI2s
00021356                __printfi
00021598                _I2C_init
00021641                _I2C_config
000217a6                _I2C_getConfig
0002187c                _I2C_setup
00021a76                _I2C_write
00021cba                _I2C_read
00021ed8                _I2C_eventEnable
0002200c                _I2C_eventDisable
0002212b                _I2C_setCallback
000221b8                _I2C_getEventId
000221d4                _I2S_open
0002231b                _I2S_setup
00022609                _I2S_close
000226bb                _I2S_read
00022975                _I2S_write
00022acb                _I2S_reset
00022b7c                _I2S_transEnable
00022bc7                _GPIO_open
00022c0b                _GPIO_close
00022c2f                _GPIO_config
00022cb4                _GPIO_getConfig
00022d3c                _GPIO_read
00022dbf                _GPIO_write
00022e62                _GPIO_configBit
00022faa                _GPIO_disableInt
00023028                _GPIO_enableInt
000230b2                _GPIO_clearInt
0002313e                _GPIO_statusBit
000231c5                _GPIO_reset
00023254                _aic3204_loop_linein
000234c5                _harris_loop_linein
000237f3                _write
00023935                _unlink
00023968                _rename
000239c1                _remove_device
000239f7                _read
00023aa5                _open
00023b64                _lseek
00023bca                _find_registered_device
00023bd3                _close
00023c46                _add_device
00023d36                _getenv
00023db1                _HOSTwrite
00023e3e                _HOSTunlink
00023ea8                _HOSTtime
00023f06                _HOSTrename
00023fb4                _HOSTread
00024041                _HOSTopen
000240e0                _HOSTlseek
00024195                _HOSTclose
00024200                _HOSTclock
0002425e                _free
0002432a                _minit
0002438f                _malloc
00024484                _realloc
00024635                _max_free
0002468f                _free_memory
000246e5                _chkheap
000246ed                _calloc
00024735                __divd
00024ba0                __cleanup
00024bfa                _freopen
00024cc3                _fopen
00024cfe                _aic3204_tone_headphone
00024f6d                __remull
00024fbb                __remlli
00024fea                __mpylli
000250a2                __divull
00025196                __divlli
000251cb                __addd
00025424                __neqd
00025458                __lssd
000254a0                __leqd
000254ed                __gtrd
00025538                __geqd
00025582                __eqld
000255b6                __cmpd
0002560e                _EZDSP5535_LED_init
00025644                _EZDSP5535_LED_getall
00025696                _EZDSP5535_LED_setall
00025704                _EZDSP5535_LED_on
00025739                _EZDSP5535_LED_off
0002576c                _EZDSP5535_LED_toggle
000257b1                _EZDSP5535_XF_on
000257bc                _EZDSP5535_XF_off
000257c7                _EZDSP5535_XF_get
000257d6                _EZDSP5535_XF_toggle
000257f5                _fputs
0002592a                _puts
00025958                __mpyd
00025aa4                _EZDSP5535_I2S_init
00025afd                _EZDSP5535_I2S_readLeft
00025b2f                _EZDSP5535_I2S_writeLeft
00025b5c                _EZDSP5535_I2S_readRight
00025b7d                _EZDSP5535_I2S_writeRight
00025b99                _EZDSP5535_I2S_close
00025bab                _convq
00025c41                _conv
00025ca5                _AIC3204_rget
00025cf0                _AIC3204_rset
00025d1a                _aic3204_test
00025d5c                _harris_test
00025d96                _setvbuf
00025e7c                __wrt_ok
00025efc                __rd_ok
00025f59                _enqueue
00025fa2                _dequeue
00025fd8                _makeNewQueue
00025ffe                _isEmpty
00026012                _isFull
00026028                __frcmpyd_div
000260f0                __doflush
00026159                _fflush
000261b2                _writemsg
00026267                C$$IO$$
0002626c                _fputc
0002626c                _putc
00026303                _putchar
00026312                __divul
000263b3                _in2l_read
000263e3                _in2r_read
00026413                _in3r_read
00026443                _EZDSP5535_I2C_init
00026478                _EZDSP5535_I2C_reset
00026483                _EZDSP5535_I2C_write
000264a9                _EZDSP5535_I2C_read
000264d1                _EZDSP5535_GPIO_init
000264fc                _EZDSP5535_GPIO_setDirection
00026520                _EZDSP5535_GPIO_setOutput
0002653a                _EZDSP5535_GPIO_getInput
00026558                _ltoa
000265d5                _fclose
00026650                __frcmpyd
000266c6                __remul
00026738                __fixdli
000267a7                _readmsg
00026814                _fseek
0002687f                __fltlid
000268e6                _atoi
00026942                _StopTest
00026944                _main
00026997                _EZDSP5535_wait
000269cb                _EZDSP5535_waitusec
000269dd                _EZDSP5535_init
000269eb                _printf
00026a3b                _auto_init
00026a88                __args_main
00026ad3                __remli
00026b1e                __divli
00026b66                _memcpy
00026ba5                _exit
00026be3                _c_int00
00026c17                __fixdi
00026c41                I$$UDIV
00026c41                __divu
00026c56                I$$UMOD
00026c56                __remu
00026c6b                _memccpy
00026c8e                ___isinf
00026caa                __subd
00026cbe                I$$LMPY
00026cbe                __mpyli
00026cd1                __register_unlock
00026cd9                __register_lock
00026ce1                __nop
00026ce3                __negd
00026cf3                __fltid
00026cff                _remove
00026d09                _abort
00026d0a                C$$EXIT
            00020000    __CIOBUF_
            00020120    ___cinit__
            00020120    cinit
0004fe00                _Reset
ffffffff                .bss
ffffffff                .data
ffffffff                .text
ffffffff                ___binit__
ffffffff                ___bss__
ffffffff                ___c_args__
ffffffff                ___data__
ffffffff                ___edata__
ffffffff                ___end__
ffffffff                ___etext__
ffffffff                ___pinit__
ffffffff                ___text__
ffffffff                binit
ffffffff                edata
ffffffff                end
ffffffff                etext
ffffffff                pinit

[218 symbols]
