******************************************************************************
              TMS320C55x Linker PC v4.3.8                      
******************************************************************************
>> Linked Wed Dec 09 19:15:50 2015

OUTPUT FILE NAME:   <aic3204.out>
ENTRY POINT SYMBOL: "_c_int00"  address: 000277b7


MEMORY CONFIGURATION

         name            origin    length      used     unused   attr    fill
                        (bytes)   (bytes)    (bytes)   (bytes)
----------------------  --------  ---------  --------  --------  ----  --------
PAGE 0:
  MMR                   00000000   000000c0  00000000  000000c0  RWIX
  DARAM0                000000c0   0000ff40  00005a7c  0000a4c4  RWIX
  SARAM0                00010000   00010000  00000000  00010000  RWIX
  SARAM1                00020000   00020000  000078e7  00018719  RWIX
  SARAM2                00040000   0000fe00  00000358  0000faa8  RWIX
  VECS                  0004fe00   00000200  00000100  00000100  RWIX
  PDROM                 00ff8000   00008000  00000000  00008000  R IX

PAGE 2:
  IOPORT                00000000   00020000  00000000  00020000  RWI 


SECTION ALLOCATION MAP
(Addresses surrounded by []'s are displayed for convenience only!)

output                                                          attributes/
section   page  orgn(bytes) orgn(words) len(bytes) len(words)   input sections
--------  ----  ----------- ----------- ---------- ----------   --------------
.pinit       0   [ 00040000 ]  00020000          *   00000000   UNINITIALIZED

.stack       0   [ 000000c0 ]  00000060          *   00001000   UNINITIALIZED
                 [ 000000c0 ]  00000060          *   00001000   --HOLE--

.data        0   [ 000000c0 ]  00000060          *   00000000   UNINITIALIZED

.sysstack 
*            0   [ 000020c0 ]  00001060          *   00000800   UNINITIALIZED
                 [ 000020c0 ]  00001060          *   00000800   --HOLE--

.sysmem      0   [ 000030c0 ]  00001860          *   00001000   UNINITIALIZED
                 [ 000030c0 ]  00001860          *   00001000   --HOLE--

.bss         0   [ 000050c0 ]  00002860          *   000002b4   UNINITIALIZED
                 [ 000050c0 ]  00002860          *   00000119   rts55x.lib : defs.obj (.bss)
                 [ 000052f2 ]  00002979          *   000000d0              : trgdrv.obj (.bss)
                 [ 00005492 ]  00002a49          *   00000001   main.obj (.bss)
                 [ 00005494 ]  00002a4a          *   00000071   rts55x.lib : lowlev.obj (.bss)
                 [ 00005576 ]  00002abb          *   0000002a   cslVC5505.lib : csl_i2s.obj (.bss)
                 [ 000055ca ]  00002ae5          *   00000001   rts55x.lib : fopen.obj (.bss)
                 [ 000055cc ]  00002ae6          *   00000012   cslVC5505.lib : csl_i2c.obj (.bss)
                 [ 000055f0 ]  00002af8          *   00000008   ezdsp5535bsl.lib : ezdsp5535_sar.obj (.bss)
                 [ 00005600 ]  00002b00          *   00000006   rts55x.lib : memory.obj (.bss)
                 [ 0000560c ]  00002b06          *   00000004   ezdsp5535bsl.lib : ezdsp5535_gpio.obj (.bss)
                 [ 00005614 ]  00002b0a          *   00000004   rts55x.lib : _lock.obj (.bss)
                 [ 0000561c ]  00002b0e          *   00000004              : exit.obj (.bss)
                 [ 00005624 ]  00002b12          *   00000002   ezdsp5535bsl.lib : ezdsp5535_i2s.obj (.bss)

.const.1     0   [ 00005628 ]  00002b14          *   00000101   
                 [ 00005628 ]  00002b14          *   00000101   rts55x.lib : ctype.obj (.const:__ctypes_)

.const.2     0   [ 0000582c ]  00002c16          *   00000149   
                 [ 0000582c ]  00002c16          *   00000088   aic3204_test.obj (.const:.string)
                 [ 0000593c ]  00002c9e          *   00000061   main.obj (.const:.string)
                 [ 000059fe ]  00002cff          *   00000030   aic3204_loop_linein.obj (.const:_$P$T0$1)
                 [ 00005a5e ]  00002d2f          *   00000030   aic3204_tone_headphone.obj (.const:_$P$T0$1)

.const.3     0   [ 00005ac0 ]  00002d60          *   00000040   
                 [ 00005ac0 ]  00002d60          *   00000024   rts55x.lib : _printfi.obj (.const:.string)
                 [ 00005b08 ]  00002d84          *   0000000c              : _printfi.obj (.const)
                 [ 00005b20 ]  00002d90          *   00000008              : divd.obj (.const:_initial_approx$1)
                 [ 00005b30 ]  00002d98          *   00000002              : fputs.obj (.const:.string)
                 [ 00005b34 ]  00002d9a          *   00000002   aic3204_loop_linein.obj (.const)
                 [ 00005b38 ]  00002d9c          *   00000002   rts55x.lib : divd.obj (.const)
                 [ 00005b3c ]  00002d9e          *   00000002              : fltlid.obj (.const)

.text        0     00020000  [ 00010000 ] 000078e7          *   
                   00020000  [ 00010000 ] 00001598          *   rts55x.lib : _printfi.obj (.text)
                   00021598  [ 00010acc ] 00000c3c          *   cslVC5505.lib : csl_i2c.obj (.text)
                   000221d4  [ 000110ea ] 00000b18          *                 : csl_sar.obj (.text)
                   00022cec  [ 00011676 ] 000009f3          *                 : csl_i2s.obj (.text)
                   000236df  [ 00011b6f+] 0000068d          *                 : csl_gpio.obj (.text)
                   00023d6c  [ 00011eb6 ] 0000056b          *   aic3204_loop_linein.obj (.text)
                   000242d7  [ 0001216b+] 00000543          *   rts55x.lib : lowlev.obj (.text)
                   0002481a  [ 0001240d ] 00000528          *              : trgdrv.obj (.text)
                   00024d42  [ 000126a1 ] 000004b5          *              : memory.obj (.text)
                   000251f7  [ 000128fb+] 0000036c          *              : divd.obj (.text)
                   00025563  [ 00012ab1+] 0000027f          *              : fopen.obj (.text)
                   000257e2  [ 00012bf1 ] 0000026f          *   aic3204_tone_headphone.obj (.text)
                   00025a51  [ 00012d28+] 0000025e          *   rts55x.lib : llmpy.obj (.text)
                   00025caf  [ 00012e57+] 00000259          *              : addd.obj (.text)
                   00025f08  [ 00012f84 ] 000001ea          *              : cmpd.obj (.text)
                   000260f2  [ 00013079 ] 000001e7          *   ezdsp5535bsl.lib : ezdsp5535_led.obj (.text)
                   000262d9  [ 0001316c+] 0000017a          *                    : ezdsp5535_sar.obj (.text)
                   00026453  [ 00013229+] 00000163          *   rts55x.lib : fputs.obj (.text)
                   000265b6  [ 000132db ] 0000014c          *              : mpyd.obj (.text)
                   00026702  [ 00013381 ] 00000107          *   ezdsp5535bsl.lib : ezdsp5535_i2s.obj (.text)
                   00026809  [ 00013404+] 000000e6          *   rts55x.lib : setvbuf.obj (.text)
                   000268ef  [ 00013477+] 000000e2          *   aic3204_test.obj (.text)
                   000269d1  [ 000134e8+] 000000dd          *   rts55x.lib : _io_perm.obj (.text)
                   00026aae  [ 00013557 ] 000000c8          *              : frcmpyd_div.obj (.text)
                   00026b76  [ 000135bb ] 000000c2          *              : fflush.obj (.text)
                   00026c38  [ 0001361c ] 000000ba          *              : trgmsg.obj (.text:CIO_breakpoint)
                   00026cf2  [ 00013679 ] 000000a6          *              : fputc.obj (.text)
                   00026d98  [ 000136cc ] 000000a2          *   queue.obj (.text)
                   00026e3a  [ 0001371d ] 000000a1          *   rts55x.lib : divul.obj (.text)
                   00026edb  [ 0001376d+] 00000090          *   micread.obj (.text)
                   00026f6b  [ 000137b5+] 0000008e          *   ezdsp5535bsl.lib : ezdsp5535_i2c.obj (.text)
                   00026ff9  [ 000137fc+] 00000087          *                    : ezdsp5535_gpio.obj (.text)
                   00027080  [ 00013840 ] 0000007d          *   rts55x.lib : ltoa.obj (.text)
                   000270fd  [ 0001387e+] 0000007b          *              : fclose.obj (.text)
                   00027178  [ 000138bc ] 00000076          *              : frcmpyd.obj (.text)
                   000271ee  [ 000138f7 ] 00000072          *              : remul.obj (.text)
                   00027260  [ 00013930 ] 0000006f          *              : fixdli.obj (.text)
                   000272cf  [ 00013967+] 0000006d          *              : trgmsg.obj (.text)
                   0002733c  [ 0001399e ] 0000006c          *   conv.obj (.text)
                   000273a8  [ 000139d4 ] 0000006b          *   rts55x.lib : fseek.obj (.text)
                   00027413  [ 00013a09+] 00000067          *              : fltlid.obj (.text)
                   0002747a  [ 00013a3d ] 0000005c          *              : atoi.obj (.text)
                   000274d6  [ 00013a6b ] 00000059          *   main.obj (.text)
                   0002752f  [ 00013a97+] 00000054          *   ezdsp5535bsl.lib : ezdsp5535.obj (.text)
                   00027583  [ 00013ac1+] 00000050          *   rts55x.lib : printf.obj (.text)
                   000275d3  [ 00013ae9+] 0000004d          *              : autoinit.obj (.text)
                   00027620  [ 00013b10 ] 0000004b          *              : args_main.obj (.text)
                   0002766b  [ 00013b35+] 0000004b          *              : remli.obj (.text)
                   000276b6  [ 00013b5b ] 00000048          *              : divli.obj (.text)
                   000276fe  [ 00013b7f ] 0000003f          *              : memcpy.obj (.text)
                   0002773d  [ 00013b9e+] 0000003e          *              : exit.obj (.text)
                   0002777b  [ 00013bbd+] 0000003c          *              : idiv.obj (.text)
                   000277b7  [ 00013bdb+] 00000034          *              : boot.obj (.text)
                   000277eb  [ 00013bf5+] 0000002a          *              : fixdi.obj (.text)
                   00027815  [ 00013c0a+] 0000002a          *              : udiv.obj (.text)
                   0002783f  [ 00013c1f+] 00000023          *              : memccpy.obj (.text)
                   00027862  [ 00013c31 ] 0000001c          *              : isinf.obj (.text)
                   0002787e  [ 00013c3f ] 00000014          *              : subd.obj (.text)
                   00027892  [ 00013c49 ] 00000013          *              : lmpy.obj (.text)
                   000278a5  [ 00013c52+] 00000012          *              : _lock.obj (.text)
                   000278b7  [ 00013c5b+] 00000010          *              : negd.obj (.text)
                   000278c7  [ 00013c63+] 0000000c          *              : fltid.obj (.text)
                   000278d3  [ 00013c69+] 0000000a          *              : remove.obj (.text)
                   000278dd  [ 00013c6e+] 00000007          *              : exit.obj (.text:CIO_breakpoint)
                   000278e4  [ 00013c72 ] 00000002          *              : vectors.obj (.text)
                   000278e6  [ 00013c73 ] 00000001          *   --HOLE-- [fill = 20]

.cio         0   [ 00040000 ]  00020000          *   00000120   UNINITIALIZED
                 [ 00040000 ]  00020000          *   00000120   rts55x.lib : trgmsg.obj (.cio)

.cinit       0   [ 00040240 ]  00020120          *   0000008c   
                 [ 00040240 ]  00020120          *   0000002d   rts55x.lib : lowlev.obj (.cinit)
                 [ 0004029a ]  0002014d          *   0000002a              : defs.obj (.cinit)
                 [ 000402ee ]  00020177          *   0000000c   ezdsp5535bsl.lib : ezdsp5535_sar.obj (.cinit)
                 [ 00040306 ]  00020183          *   0000000a   rts55x.lib : _lock.obj (.cinit)
                 [ 0004031a ]  0002018d          *   0000000a              : exit.obj (.cinit)
                 [ 0004032e ]  00020197          *   00000008   cslVC5505.lib : csl_i2s.obj (.cinit)
                 [ 0004033e ]  0002019f          *   00000004   main.obj (.cinit)
                 [ 00040346 ]  000201a3          *   00000004   rts55x.lib : fopen.obj (.cinit)
                 [ 0004034e ]  000201a7          *   00000004              : memory.obj (.cinit)
                 [ 00040356 ]  000201ab          *   00000001   --HOLE-- [fill = 0]

vectors      0     0004fe00  [ 00027f00 ] 00000100          *   
                   0004fe00  [ 00027f00 ] 00000100          *   rts55x.lib : vectors.obj (vectors)


GLOBAL SYMBOLS: SORTED ALPHABETICALLY BY Name 

abs. value/
byte addr   word addr   name
---------   ---------   ----
00000002                $TI_capability$C5500$CallingConvention
00000002                $TI_capability$C5500$MemoryModel
00000001                $TI_capability_requires_rev3
ffffffff                .bss
ffffffff                .data
ffffffff                .text
000278de                C$$EXIT
00026ced                C$$IO$$
0002777b                I$$DIV
00027892                I$$LMPY
0002779a                I$$MOD
00027815                I$$UDIV
0002782a                I$$UMOD
000268ef                _AIC3204_rget
0002693a                _AIC3204_rset
00027062                _EZDSP5535_GPIO_getInput
00026ff9                _EZDSP5535_GPIO_init
00027024                _EZDSP5535_GPIO_setDirection
00027048                _EZDSP5535_GPIO_setOutput
00026f6b                _EZDSP5535_I2C_init
00026fd1                _EZDSP5535_I2C_read
00026fa0                _EZDSP5535_I2C_reset
00026fab                _EZDSP5535_I2C_write
000267f7                _EZDSP5535_I2S_close
00026702                _EZDSP5535_I2S_init
0002675b                _EZDSP5535_I2S_readLeft
000267ba                _EZDSP5535_I2S_readRight
0002678d                _EZDSP5535_I2S_writeLeft
000267db                _EZDSP5535_I2S_writeRight
00026128                _EZDSP5535_LED_getall
000260f2                _EZDSP5535_LED_init
0002621d                _EZDSP5535_LED_off
000261e8                _EZDSP5535_LED_on
0002617a                _EZDSP5535_LED_setall
00026250                _EZDSP5535_LED_toggle
0002639f                _EZDSP5535_SAR_getKey
000262d9                _EZDSP5535_SAR_init
000262ab                _EZDSP5535_XF_get
000262a0                _EZDSP5535_XF_off
00026295                _EZDSP5535_XF_on
000262ba                _EZDSP5535_XF_toggle
00027575                _EZDSP5535_init
0002752f                _EZDSP5535_wait
00027563                _EZDSP5535_waitusec
00023bca                _GPIO_clearInt
00023723                _GPIO_close
00023747                _GPIO_config
0002397a                _GPIO_configBit
00023ac2                _GPIO_disableInt
00023b40                _GPIO_enableInt
000237cc                _GPIO_getConfig
000236df                _GPIO_open
00023854                _GPIO_read
00023cdd                _GPIO_reset
00023c56                _GPIO_statusBit
000238d7                _GPIO_write
            00002b06    _GpioObj
00024ce4                _HOSTclock
00024c79                _HOSTclose
00024bc4                _HOSTlseek
00024b25                _HOSTopen
00024a98                _HOSTread
000249ea                _HOSTrename
0002498c                _HOSTtime
00024922                _HOSTunlink
00024895                _HOSTwrite
00021641                _I2C_config
0002200c                _I2C_eventDisable
00021ed8                _I2C_eventEnable
000217a6                _I2C_getConfig
000221b8                _I2C_getEventId
00021598                _I2C_init
00021cba                _I2C_read
0002212b                _I2C_setCallback
0002187c                _I2C_setup
00021a76                _I2C_write
00023121                _I2S_close
00022cec                _I2S_open
000231d3                _I2S_read
000235e3                _I2S_reset
00022e33                _I2S_setup
00023694                _I2S_transEnable
0002348d                _I2S_write
0004fe00                _Reset
00022757                _SAR_A2DMeasParamSet
00022bd1                _SAR_GPODirSet
000222ce                _SAR_chanClose
00022352                _SAR_chanConfig
0002264e                _SAR_chanCycSet
00022251                _SAR_chanInit
0002226c                _SAR_chanOpen
0002243a                _SAR_chanSetup
00022231                _SAR_deInit
000223c8                _SAR_getConfig
00022cad                _SAR_getStatus
000221d4                _SAR_init
00022716                _SAR_readData
0002269d                _SAR_startConversion
000226cf                _SAR_stopConversion
            00002afc    _SarHandle
            00002af8    _SarObj
000274d6                _StopTest
            00002a49    _TestFail
            00020000    __CIOBUF_
            00001060    __STACK_END
00002000                __STACK_SIZE
00002000                __SYSMEM_SIZE
00001000                __SYSSTACK_SIZE
ffffffff                ___binit__
ffffffff                ___bss__
ffffffff                ___c_args__
            00020120    ___cinit__
ffffffff                ___data__
ffffffff                ___edata__
ffffffff                ___end__
ffffffff                ___etext__
00027862                ___isinf
ffffffff                ___pinit__
ffffffff                ___text__
00025caf                __addd
00027620                __args_main
00025684                __cleanup
            00002b0e    __cleanup_ptr
0002609a                __cmpd
            00002b14    __ctypes_
00025219                __divd
0002777b                __divi
000276b6                __divli
00025c7a                __divlli
00027815                __divu
00026e3a                __divul
00025b86                __divull
00026b76                __doflush
            00002b10    __dtors_ptr
00026066                __eqld
000277eb                __fixdi
00027260                __fixdli
000278c7                __fltid
00027413                __fltlid
00027178                __frcmpyd
00026aae                __frcmpyd_div
            00002978    __ft_end
            00002860    __ftable
0002601c                __geqd
00025fd1                __gtrd
00025f84                __leqd
            00002b0a    __lock
00025f3c                __lssd
000265b6                __mpyd
00027892                __mpyli
00025ace                __mpylli
000278b7                __negd
00025f08                __neqd
000278b5                __nop
00021356                __printfi
00026a51                __rd_ok
000278ad                __register_lock
000278a5                __register_unlock
0002779a                __remi
0002766b                __remli
00025a9f                __remlli
0002782a                __remu
000271ee                __remul
00025a51                __remull
            00000060    __stack
0002787e                __subd
            00001860    __sys_memory
            00001060    __sysstack
            000028d8    __tmpnams
            00002b0c    __unlock
000269d1                __wrt_ok
000278dd                _abort
0002472a                _add_device
00023d6c                _aic3204_loop_linein
00026964                _aic3204_test
000257e2                _aic3204_tone_headphone
0002747a                _atoi
000275d3                _auto_init
000277b7                _c_int00
000251d1                _calloc
000251c9                _chkheap
000241cd                _cleanUp
000246b7                _close
00023fdd                _configureDSP
0002733c                _convq
00026dc8                _dequeue
00026d98                _enqueue
0002773d                _exit
000270fd                _fclose
00026bdf                _fflush
000246ae                _find_registered_device
000257a7                _fopen
00026cf2                _fputc
00026453                _fputs
00024d42                _free
00025173                _free_memory
000256de                _freopen
            00002ae3    _fsError
000273a8                _fseek
            00002ae6    _gI2cObj
0002481a                _getenv
            00002b08    _hGpio
            00002b12    _hI2s
000241df                _harris_loop_linein
000269a6                _harris_test
            00002af6    _i2cHandle
00026edb                _in2l_read
00026f0b                _in2r_read
00026f3b                _in3r_read
00026e10                _isEmpty
00026e24                _isFull
            00002afe    _keyCnt1
            00002aff    _keyCnt2
00024648                _lseek
00027080                _ltoa
000274d8                _main
00026dea                _makeNewQueue
00024e73                _malloc
00025119                _max_free
0002783f                _memccpy
000276fe                _memcpy
00024e0e                _minit
00024589                _open
            00002ae4    _ouError
            00002afb    _preKey
00027583                _printf
00026cf2                _putc
00026d89                _putchar
00026588                _puts
000244db                _read
000272cf                _readmsg
00024f68                _realloc
000278d3                _remove
000244a5                _remove_device
0002444c                _rename
00026809                _setvbuf
00024419                _unlink
000242d7                _write
00026c38                _writemsg
ffffffff                binit
            00020120    cinit
ffffffff                edata
ffffffff                end
ffffffff                etext
ffffffff                pinit


GLOBAL SYMBOLS: SORTED BY Symbol Address 

abs. value/
byte addr   word addr   name
---------   ---------   ----
00000001                $TI_capability_requires_rev3
00000002                $TI_capability$C5500$CallingConvention
00000002                $TI_capability$C5500$MemoryModel
            00000060    __stack
00001000                __SYSSTACK_SIZE
00002000                __STACK_SIZE
00002000                __SYSMEM_SIZE
            00001060    __STACK_END
            00001060    __sysstack
            00001860    __sys_memory
            00002860    __ftable
            000028d8    __tmpnams
            00002978    __ft_end
            00002a49    _TestFail
            00002ae3    _fsError
            00002ae4    _ouError
            00002ae6    _gI2cObj
            00002af6    _i2cHandle
            00002af8    _SarObj
            00002afb    _preKey
            00002afc    _SarHandle
            00002afe    _keyCnt1
            00002aff    _keyCnt2
            00002b06    _GpioObj
            00002b08    _hGpio
            00002b0a    __lock
            00002b0c    __unlock
            00002b0e    __cleanup_ptr
            00002b10    __dtors_ptr
            00002b12    _hI2s
            00002b14    __ctypes_
00021356                __printfi
00021598                _I2C_init
00021641                _I2C_config
000217a6                _I2C_getConfig
0002187c                _I2C_setup
00021a76                _I2C_write
00021cba                _I2C_read
00021ed8                _I2C_eventEnable
0002200c                _I2C_eventDisable
0002212b                _I2C_setCallback
000221b8                _I2C_getEventId
000221d4                _SAR_init
00022231                _SAR_deInit
00022251                _SAR_chanInit
0002226c                _SAR_chanOpen
000222ce                _SAR_chanClose
00022352                _SAR_chanConfig
000223c8                _SAR_getConfig
0002243a                _SAR_chanSetup
0002264e                _SAR_chanCycSet
0002269d                _SAR_startConversion
000226cf                _SAR_stopConversion
00022716                _SAR_readData
00022757                _SAR_A2DMeasParamSet
00022bd1                _SAR_GPODirSet
00022cad                _SAR_getStatus
00022cec                _I2S_open
00022e33                _I2S_setup
00023121                _I2S_close
000231d3                _I2S_read
0002348d                _I2S_write
000235e3                _I2S_reset
00023694                _I2S_transEnable
000236df                _GPIO_open
00023723                _GPIO_close
00023747                _GPIO_config
000237cc                _GPIO_getConfig
00023854                _GPIO_read
000238d7                _GPIO_write
0002397a                _GPIO_configBit
00023ac2                _GPIO_disableInt
00023b40                _GPIO_enableInt
00023bca                _GPIO_clearInt
00023c56                _GPIO_statusBit
00023cdd                _GPIO_reset
00023d6c                _aic3204_loop_linein
00023fdd                _configureDSP
000241cd                _cleanUp
000241df                _harris_loop_linein
000242d7                _write
00024419                _unlink
0002444c                _rename
000244a5                _remove_device
000244db                _read
00024589                _open
00024648                _lseek
000246ae                _find_registered_device
000246b7                _close
0002472a                _add_device
0002481a                _getenv
00024895                _HOSTwrite
00024922                _HOSTunlink
0002498c                _HOSTtime
000249ea                _HOSTrename
00024a98                _HOSTread
00024b25                _HOSTopen
00024bc4                _HOSTlseek
00024c79                _HOSTclose
00024ce4                _HOSTclock
00024d42                _free
00024e0e                _minit
00024e73                _malloc
00024f68                _realloc
00025119                _max_free
00025173                _free_memory
000251c9                _chkheap
000251d1                _calloc
00025219                __divd
00025684                __cleanup
000256de                _freopen
000257a7                _fopen
000257e2                _aic3204_tone_headphone
00025a51                __remull
00025a9f                __remlli
00025ace                __mpylli
00025b86                __divull
00025c7a                __divlli
00025caf                __addd
00025f08                __neqd
00025f3c                __lssd
00025f84                __leqd
00025fd1                __gtrd
0002601c                __geqd
00026066                __eqld
0002609a                __cmpd
000260f2                _EZDSP5535_LED_init
00026128                _EZDSP5535_LED_getall
0002617a                _EZDSP5535_LED_setall
000261e8                _EZDSP5535_LED_on
0002621d                _EZDSP5535_LED_off
00026250                _EZDSP5535_LED_toggle
00026295                _EZDSP5535_XF_on
000262a0                _EZDSP5535_XF_off
000262ab                _EZDSP5535_XF_get
000262ba                _EZDSP5535_XF_toggle
000262d9                _EZDSP5535_SAR_init
0002639f                _EZDSP5535_SAR_getKey
00026453                _fputs
00026588                _puts
000265b6                __mpyd
00026702                _EZDSP5535_I2S_init
0002675b                _EZDSP5535_I2S_readLeft
0002678d                _EZDSP5535_I2S_writeLeft
000267ba                _EZDSP5535_I2S_readRight
000267db                _EZDSP5535_I2S_writeRight
000267f7                _EZDSP5535_I2S_close
00026809                _setvbuf
000268ef                _AIC3204_rget
0002693a                _AIC3204_rset
00026964                _aic3204_test
000269a6                _harris_test
000269d1                __wrt_ok
00026a51                __rd_ok
00026aae                __frcmpyd_div
00026b76                __doflush
00026bdf                _fflush
00026c38                _writemsg
00026ced                C$$IO$$
00026cf2                _fputc
00026cf2                _putc
00026d89                _putchar
00026d98                _enqueue
00026dc8                _dequeue
00026dea                _makeNewQueue
00026e10                _isEmpty
00026e24                _isFull
00026e3a                __divul
00026edb                _in2l_read
00026f0b                _in2r_read
00026f3b                _in3r_read
00026f6b                _EZDSP5535_I2C_init
00026fa0                _EZDSP5535_I2C_reset
00026fab                _EZDSP5535_I2C_write
00026fd1                _EZDSP5535_I2C_read
00026ff9                _EZDSP5535_GPIO_init
00027024                _EZDSP5535_GPIO_setDirection
00027048                _EZDSP5535_GPIO_setOutput
00027062                _EZDSP5535_GPIO_getInput
00027080                _ltoa
000270fd                _fclose
00027178                __frcmpyd
000271ee                __remul
00027260                __fixdli
000272cf                _readmsg
0002733c                _convq
000273a8                _fseek
00027413                __fltlid
0002747a                _atoi
000274d6                _StopTest
000274d8                _main
0002752f                _EZDSP5535_wait
00027563                _EZDSP5535_waitusec
00027575                _EZDSP5535_init
00027583                _printf
000275d3                _auto_init
00027620                __args_main
0002766b                __remli
000276b6                __divli
000276fe                _memcpy
0002773d                _exit
0002777b                I$$DIV
0002777b                __divi
0002779a                I$$MOD
0002779a                __remi
000277b7                _c_int00
000277eb                __fixdi
00027815                I$$UDIV
00027815                __divu
0002782a                I$$UMOD
0002782a                __remu
0002783f                _memccpy
00027862                ___isinf
0002787e                __subd
00027892                I$$LMPY
00027892                __mpyli
000278a5                __register_unlock
000278ad                __register_lock
000278b5                __nop
000278b7                __negd
000278c7                __fltid
000278d3                _remove
000278dd                _abort
000278de                C$$EXIT
            00020000    __CIOBUF_
            00020120    ___cinit__
            00020120    cinit
0004fe00                _Reset
ffffffff                .bss
ffffffff                .data
ffffffff                .text
ffffffff                ___binit__
ffffffff                ___bss__
ffffffff                ___c_args__
ffffffff                ___data__
ffffffff                ___edata__
ffffffff                ___end__
ffffffff                ___etext__
ffffffff                ___pinit__
ffffffff                ___text__
ffffffff                binit
ffffffff                edata
ffffffff                end
ffffffff                etext
ffffffff                pinit

[245 symbols]
